[spoonlickers.b12sites.com/index.html]
[backblue.gif]
[fade.gif]
[index.html]
[code.jquery.com/jquery-3.3.1.min.js]
[cdn.b12.io/client_media/WmOYRmhQ/9429d67a-6e32-11ef-853c-0242ac110002-32-thumbnail_image.jpg]
[spoonlickers.b12sites.com/assets/fonts/roboto-cyrillic-ext-normal-300.woff2]
[spoonlickers.b12sites.com/assets/fonts/roboto-cyrillic-normal-300.woff2]
[spoonlickers.b12sites.com/assets/fonts/roboto-greek-ext-normal-300.woff2]
[spoonlickers.b12sites.com/assets/fonts/roboto-greek-normal-300.woff2]
[spoonlickers.b12sites.com/assets/fonts/roboto-vietnamese-normal-300.woff2]
[spoonlickers.b12sites.com/assets/fonts/roboto-latin-ext-normal-300.woff2]
[spoonlickers.b12sites.com/assets/fonts/roboto-latin-normal-300.woff2]
[spoonlickers.b12sites.com/assets/fonts/roboto-cyrillic-ext-normal-400.woff2]
[spoonlickers.b12sites.com/assets/fonts/roboto-cyrillic-normal-400.woff2]
[spoonlickers.b12sites.com/assets/fonts/roboto-greek-ext-normal-400.woff2]
[spoonlickers.b12sites.com/assets/fonts/roboto-greek-normal-400.woff2]
[spoonlickers.b12sites.com/assets/fonts/roboto-vietnamese-normal-400.woff2]
[spoonlickers.b12sites.com/assets/fonts/roboto-latin-ext-normal-400.woff2]
[spoonlickers.b12sites.com/assets/fonts/roboto-latin-normal-400.woff2]
[spoonlickers.b12sites.com/assets/fonts/roboto-cyrillic-ext-normal-500.woff2]
[spoonlickers.b12sites.com/assets/fonts/roboto-cyrillic-normal-500.woff2]
[spoonlickers.b12sites.com/assets/fonts/roboto-greek-ext-normal-500.woff2]
[spoonlickers.b12sites.com/assets/fonts/roboto-greek-normal-500.woff2]
[spoonlickers.b12sites.com/assets/fonts/roboto-vietnamese-normal-500.woff2]
[spoonlickers.b12sites.com/assets/fonts/roboto-latin-ext-normal-500.woff2]
[spoonlickers.b12sites.com/assets/fonts/roboto-latin-normal-500.woff2]
[spoonlickers.b12sites.com/assets/fonts/roboto-cyrillic-ext-normal-700.woff2]
[spoonlickers.b12sites.com/assets/fonts/roboto-cyrillic-normal-700.woff2]
[spoonlickers.b12sites.com/assets/fonts/roboto-greek-ext-normal-700.woff2]
[spoonlickers.b12sites.com/assets/fonts/roboto-greek-normal-700.woff2]
[spoonlickers.b12sites.com/assets/fonts/roboto-vietnamese-normal-700.woff2]
[spoonlickers.b12sites.com/assets/fonts/roboto-latin-ext-normal-700.woff2]
[spoonlickers.b12sites.com/assets/fonts/roboto-latin-normal-700.woff2]
[spoonlickers.b12sites.com/assets/fonts/fontawesome-webfont-674f50d287a8c48dc19ba404d20fe713.eot]
[spoonlickers.b12sites.com/assets/fonts/fontawesome-webfont-674f50d287a8c48dc19ba404d20fe713d41d.eot]
[spoonlickers.b12sites.com/assets/fonts/fontawesome-webfont-fee66e712a8a08eef5805a46892932ad.3f.delayed]
[spoonlickers.b12sites.com/assets/fonts/fontawesome-webfont-fee66e712a8a08eef5805a46892932ad.woff]
[spoonlickers.b12sites.com/assets/fonts/fontawesome-webfont-b06871f281fee6b241d60582ae9369b9.ttf]
[spoonlickers.b12sites.com/assets/fonts/fontawesome-webfont-912ec66d7572ff821749319396470bde.svg]
[spoonlickers.b12sites.com/assets/fonts/ajax-loader-c5cd7f5300576ab4c88202b42f6ded62.gif]
[spoonlickers.b12sites.com/assets/fonts/slick-ced611daf7709cc778da928fec876475.eot]
[spoonlickers.b12sites.com/assets/fonts/slick-ced611daf7709cc778da928fec876475d41d.eot]
[spoonlickers.b12sites.com/assets/fonts/slick-b7c9e1e479de3b53f1e4e30ebac2403a.woff]
[spoonlickers.b12sites.com/assets/fonts/slick-d41f55a78e6f49a5512878df1737e58a.ttf]
[spoonlickers.b12sites.com/assets/fonts/slick-f97e3bbf73254b0112091d0192f17aec.svg]
[spoonlickers.b12sites.com/index-2.html]
[cdn.b12.io/client_media/WmOYRmhQ/729d03d4-6e31-11ef-ae5f-0242ac110002-com-crop-regular_image.png]
[spoonlickers.b12sites.com/about.html]
[spoonlickers.b12sites.com/window.58.delayed]
[cdn.b12.io/client_media/WmOYRmhQ/ca59f7fa-6e34-11ef-9901-0242ac110002-com-hero_image.jpg]
[cdn.b12.io/client_media/WmOYRmhQ/ed122a6a-6e34-11ef-8723-0242ac110002-jpg-hero_image.jpg]
[cdn.b12.io/client_media/WmOYRmhQ/390e415c-6e16-11ef-b7f9-0242ac110002-jpg-hero_image.jpg]
[spoonlickers.b12sites.com/classic-vanilla-ice-cream.html]
[cdn.b12.io/client_media/WmOYRmhQ/3965d3d6-6e16-11ef-b7f9-0242ac110002-jpg-regular_image.jpg]
[cdn.b12.io/client_media/WmOYRmhQ/3a65fb26-6e16-11ef-b7f9-0242ac110002-jpg-hero_image.jpg]
[spoonlickers.b12sites.com/chocolate-fudge-brownie.html]
[cdn.b12.io/client_media/WmOYRmhQ/3aabb85a-6e16-11ef-b7f9-0242ac110002-jpg-regular_image.jpg]
[cdn.b12.io/client_media/WmOYRmhQ/39d5821c-6e16-11ef-b7f9-0242ac110002-jpg-hero_image.jpg]
[spoonlickers.b12sites.com/strawberry-swirl-delight.html]
[cdn.b12.io/client_media/WmOYRmhQ/3a2bb45c-6e16-11ef-b7f9-0242ac110002-jpg-regular_image.jpg]
[cdn.b12.io/prod_traffic/global.js]
[spoonlickers.b12sites.com/assets/bundle-26df06bbde665912c7803cd668f15047.js]
[spoonlickers.b12sites.com/index.html]
[spoonlickers.b12sites.com/assets/fonts/fontawesome-webfont-fee66e712a8a08eef5805a46892932ad.html]
[spoonlickers.b12sites.com/index-2.html]
[www.google.com/recaptcha/apifb47.js]
[cdn.b12.io/client_media/WmOYRmhQ/ed2d1a28-6e34-11ef-8723-0242ac110002-jpg-regular_image.jpg]
[spoonlickers.b12sites.com/luke-mcgraw.html]
[cdn.b12.io/media/594aeaf6-3cb3-11e8-9f2d-0242ac11000f-jpg-regular_image.jpg]
[cdn.b12.io/media/68e13768-3cb3-11e8-9f2d-0242ac11000f-jpg-regular_image.jpg]
[spoonlickers.b12sites.com/laura-lau.html]
[cdn.b12.io/media/47bd36b8-3cb3-11e8-9f2d-0242ac11000f-jpg-regular_image.jpg]
[spoonlickers.b12sites.com/nick-burke.html]
[spoonlickers.b12sites.com/about.html]
[spoonlickers.b12sites.com/window.html]
[cdn.b12.io/media/622d4eca-3cb3-11e8-9f2d-0242ac11000f-jpg-regular_image.jpg]
[spoonlickers.b12sites.com/rebecca-lopes.html]
[cdn.b12.io/client_media/WmOYRmhQ/473eb122-6e38-11ef-9cce-0242ac110002-jpg-hero_image.jpg]
[spoonlickers.b12sites.com/classic-vanilla-ice-cream.html]
[spoonlickers.b12sites.com/chocolate-fudge-brownie.html]
[spoonlickers.b12sites.com/strawberry-swirl-delight.html]
[cdn.b12.io/client_media/WmOYRmhQ/47951864-6e38-11ef-9cce-0242ac110002-jpg-regular_image.jpg]
[spoonlickers.b12sites.com/luke-mcgraw.html]
[cdn.b12.io/media/59ec4ed2-3cb3-11e8-9f2d-0242ac11000f-jpg-hero_image.jpg]
[cdn.b12.io/media/6971d6e2-3cb3-11e8-9f2d-0242ac11000f-jpg-hero_image.jpg]
[spoonlickers.b12sites.com/laura-lau.html]
[cdn.b12.io/media/4859b2ea-3cb3-11e8-9f2d-0242ac11000f-jpg-hero_image.jpg]
[spoonlickers.b12sites.com/nick-burke.html]
[cdn.b12.io/media/62c6a584-3cb3-11e8-9f2d-0242ac11000f-jpg-hero_image.jpg]
[spoonlickers.b12sites.com/rebecca-lopes.html]
[spoonlickers.b12sites.com/assets/fonts/fontawesome-webfont-fee66e712a8a08eef5805a46892932ad.html]
[spoonlickers.b12sites.com/assets/fonts/fontawesome-webfont-912ec66d7572ff821749319396470bde.svg]
[spoonlickers.b12sites.com/assets/fonts/fontawesome-webfont-fee66e712a8a08eef5805a46892932ad.woff]
[spoonlickers.b12sites.com/assets/fonts/fontawesome-webfont-b06871f281fee6b241d60582ae9369b9.ttf]
[spoonlickers.b12sites.com/assets/fonts/slick-f97e3bbf73254b0112091d0192f17aec.svg]
[spoonlickers.b12sites.com/assets/fonts/ajax-loader-c5cd7f5300576ab4c88202b42f6ded62.gif]
[spoonlickers.b12sites.com/about.html]
[spoonlickers.b12sites.com/classic-vanilla-ice-cream.html]
[spoonlickers.b12sites.com/chocolate-fudge-brownie.html]
[spoonlickers.b12sites.com/strawberry-swirl-delight.html]
[spoonlickers.b12sites.com/luke-mcgraw.html]
[spoonlickers.b12sites.com/laura-lau.html]
[spoonlickers.b12sites.com/nick-burke.html]
[spoonlickers.b12sites.com/rebecca-lopes.html]
